// Jest Snapshot v1, https://goo.gl/fbAQLP

exports[`envExpressions() transforms __DEV__ expressions 1`] = `
"if (process.env.NODE_ENV !== 'production') {} else if (process.env.NODE_ENV !== 'production' && 123) {} else if (true || process.env.NODE_ENV !== 'production') {} else if (!(process.env.NODE_ENV !== 'production')) {} else {}

switch (process.env.NODE_ENV !== 'production') {}

while (process.env.NODE_ENV !== 'production') {}

do {} while (process.env.NODE_ENV !== 'production');

const ternary = process.env.NODE_ENV !== 'production' ? true : false;
const objectValue = {
  foo: process.env.NODE_ENV !== 'production'
};
const arrayValue = [process.env.NODE_ENV !== 'production'];
React.createElement(Foo, null, process.env.NODE_ENV !== 'production' ? 'Child' : null);"
`;

exports[`envExpressions() transforms __PROD__ expressions 1`] = `
"if (process.env.NODE_ENV === 'production') {} else if (process.env.NODE_ENV === 'production' && 123) {} else if (true || process.env.NODE_ENV === 'production') {} else if (!(process.env.NODE_ENV === 'production')) {} else {}

switch (process.env.NODE_ENV === 'production') {}

while (process.env.NODE_ENV === 'production') {}

do {} while (process.env.NODE_ENV === 'production');

const ternary = process.env.NODE_ENV === 'production' ? true : false;
const objectValue = {
  foo: process.env.NODE_ENV === 'production'
};
const arrayValue = [process.env.NODE_ENV === 'production'];
React.createElement(Foo, null, process.env.NODE_ENV === 'production' ? 'Child' : null);"
`;

exports[`envExpressions() transforms __TEST__ expressions 1`] = `
"if (process.env.NODE_ENV === 'test') {} else if (process.env.NODE_ENV === 'test' && 123) {} else if (true || process.env.NODE_ENV === 'test') {} else if (!(process.env.NODE_ENV === 'test')) {} else {}

switch (process.env.NODE_ENV === 'test') {}

while (process.env.NODE_ENV === 'test') {}

do {} while (process.env.NODE_ENV === 'test');

const ternary = process.env.NODE_ENV === 'test' ? true : false;
const objectValue = {
  foo: process.env.NODE_ENV === 'test'
};
const arrayValue = [process.env.NODE_ENV === 'test'];
React.createElement(Foo, null, process.env.NODE_ENV === 'test' ? 'Child' : null);"
`;

exports[`envExpressions() will not transform invalid __DEV__ expressions 1`] = `
"const __DEV__ = 123;
const objectProperty = {
  __DEV__: true
};
const objectComputed = {
  [__DEV__]: false
};
objectProperty.__DEV__ = false;
objectComputed[__DEV__] = false;
const arrayIndex = [];
arrayIndex[__DEV__] = 1;"
`;

exports[`envExpressions() will not transform invalid __PROD__ expressions 1`] = `
"const __PROD__ = 123;
const objectProperty = {
  __PROD__: true
};
const objectComputed = {
  [__PROD__]: false
};
objectProperty.__PROD__ = false;
objectComputed[__PROD__] = false;
const arrayIndex = [];
arrayIndex[__PROD__] = 1;"
`;

exports[`envExpressions() will not transform invalid __TEST__ expressions 1`] = `
"const __TEST__ = 123;
const objectProperty = {
  __TEST__: true
};
const objectComputed = {
  [__TEST__]: false
};
objectProperty.__TEST__ = false;
objectComputed[__TEST__] = false;
const arrayIndex = [];
arrayIndex[__TEST__] = 1;"
`;
